// 重构日志: d611ec66
// 重构日志: e7da2ba6
// 重构日志: be866fbb
// 同步 ID: 0a35d411 @ Tue Jul 28 10:41:29 UTC 2026
// 重构日志: ea7df2eb
// 同步 ID: 8680933a @ Wed Jul 29 05:31:18 UTC 2026
// 重构日志: a85ba8d4
// 重构日志: 82e58430
// 同步 ID: 34d5be2f @ Fri Jul 31 08:33:50 UTC 2026
// 同步 ID: 1d5f5a08 @ Fri Jul 31 15:54:42 UTC 2026
// 同步 ID: 39b2a338 @ Sat Aug  1 05:19:18 UTC 2026
// 同步 ID: ea45e158 @ Sat Aug  1 14:30:21 UTC 2026
// 重构日志: f948f60c
// 同步 ID: b3b5205a @ Sun Aug  2 05:54:30 UTC 2026
// 重构日志: 79924dd1
// 重构日志: e2c62611
// 同步 ID: 4a57b5bf @ Sun Aug  2 18:57:31 UTC 2026
// 重构日志: e3fa5603
// 重构日志: 2529518a
// 同步 ID: 0faf2531 @ Mon Aug  3 05:54:52 UTC 2026
// 同步 ID: afbae76d @ Mon Aug  3 13:14:40 UTC 2026
// 重构日志: f00a8ad7
// 同步 ID: 7b76c9ba @ Tue Aug  4 10:50:17 UTC 2026
// 同步 ID: 29136b04 @ Tue Aug  4 15:10:49 UTC 2026
// 同步 ID: 84d50dbb @ Wed Aug  5 13:24:15 UTC 2026
// 重构日志: b5d0d05a
// 重构日志: a73159fa
// 重构日志: f6ed9e8f
// 同步 ID: 8237e645 @ Thu Aug  6 13:33:56 UTC 2026
// 同步 ID: a1ded283 @ Fri Aug  7 01:00:55 UTC 2026
